
> crmia-next@0.1.0 build
> next build

Ôû▓ Next.js 16.1.1 (Turbopack)
- Environments: .env.local

  Creating an optimized production build ...
Ô£ô Compiled successfully in 15.2s
  Running TypeScript ...
  Collecting page data using 19 workers ...
  Generating static pages using 19 workers (0/84) ...
  Generating static pages using 19 workers (21/84) 
node.exe : Error occurred prerendering page "/update-password". Read 
more: https://nextjs.org/docs/messages/prerender-error
No C:\Program Files\nodejs\npm.ps1:29 caractere:3
+   & $NODE_EXE $NPM_CLI_JS $args
+   ~~~~~~~~~~~~~~~~~~~~~~~~~~~~~
    + CategoryInfo          : NotSpecified: (Error occurred ...prerend 
   er-error:String) [], RemoteException
    + FullyQualifiedErrorId : NativeCommandError
 
Error: Invalid supabaseUrl: Provided URL is malformed.
    at <unknown> (C:\Users\victo_htyd3kj\OneDrive\Desktop\Projetos\Vibe
coding\nossocrm\.next\server\chunks\ssr\_185ab4e6._.js:37:42711)
    at new cm (C:\Users\victo_htyd3kj\OneDrive\Desktop\Projetos\Vibecod
ing\nossocrm\.next\server\chunks\ssr\_185ab4e6._.js:37:42769)
    at <unknown> (C:\Users\victo_htyd3kj\OneDrive\Desktop\Projetos\Vibe
coding\nossocrm\.next\server\chunks\ssr\_185ab4e6._.js:59:4312)
    at cE (C:\Users\victo_htyd3kj\OneDrive\Desktop\Projetos\Vibecoding\
nossocrm\.next\server\chunks\ssr\_185ab4e6._.js:59:4544)
    at module evaluation (C:\Users\victo_htyd3kj\OneDrive\Desktop\Proje
tos\Vibecoding\nossocrm\.next\server\chunks\ssr\_185ab4e6._.js:59:4634)
    at instantiateModule (C:\Users\victo_htyd3kj\OneDrive\Desktop\Proje
tos\Vibecoding\nossocrm\.next\server\chunks\ssr\[turbopack]_runtime.js:
740:9)
    at getOrInstantiateModuleFromParent (C:\Users\victo_htyd3kj\OneDriv
e\Desktop\Projetos\Vibecoding\nossocrm\.next\server\chunks\ssr\[turbopa
ck]_runtime.js:763:12)
    at Context.esmImport [as i] (C:\Users\victo_htyd3kj\OneDrive\Deskto
p\Projetos\Vibecoding\nossocrm\.next\server\chunks\ssr\[turbopack]_runt
ime.js:228:20)
    at module evaluation (C:\Users\victo_htyd3kj\OneDrive\Desktop\Proje
tos\Vibecoding\nossocrm\.next\server\chunks\ssr\_e0e8eb81._.js:4:10427)
    at instantiateModule (C:\Users\victo_htyd3kj\OneDrive\Desktop\Proje
tos\Vibecoding\nossocrm\.next\server\chunks\ssr\[turbopack]_runtime.js:
740:9) {
  digest: '644994100'
}
Export encountered an error on /(protected)/update-password/page: 
/update-password, exiting the build.
Ô¿» Next.js build worker exited with code: 1 and signal: null
